2026-09-21 20:43:00,370 | INFO | src.app_logger | Application logging initialized.
2026-09-21 20:43:00,385 | INFO | test | This is an INFO message.
2026-09-21 20:43:00,385 | WARNING | test | This is a WARNING message.
2026-09-21 20:43:00,385 | ERROR | test | This is an ERROR message.
2026-09-23 01:29:42,170 | INFO | src.app_logger | Application logging initialized.
2026-09-23 01:29:42,188 | INFO | test | This is an INFO message.
2026-09-23 01:29:42,189 | WARNING | test | This is a WARNING message.
2026-09-23 01:29:42,189 | ERROR | test | This is an ERROR message.
2026-09-23 11:34:13,358 | INFO | src.app_logger | Application logging initialized.
2026-09-23 11:34:13,389 | INFO | test | This is an INFO message.
2026-09-23 11:34:13,389 | WARNING | test | This is a WARNING message.
2026-09-23 11:34:13,472 | ERROR | test | This is an ERROR message.
2026-09-23 11:38:46,144 | WARNING | urllib3.connectionpool | Retrying (Retry(total=4, connect=4, read=5, redirect=5, status=5)) after connection broken by 'NewConnectionError("HTTPConnection(host='localhost', port=5000): Failed to establish a new connection: [WinError 10061] No connection could be made because the target machine actively refused it")': /api/2.0/mlflow/experiments/get-by-name?experiment_name=olist-late-delivery
2026-09-23 11:38:54,736 | WARNING | urllib3.connectionpool | Retrying (Retry(total=3, connect=3, read=5, redirect=5, status=5)) after connection broken by 'NewConnectionError("HTTPConnection(host='localhost', port=5000): Failed to establish a new connection: [WinError 10061] No connection could be made because the target machine actively refused it")': /api/2.0/mlflow/experiments/get-by-name?experiment_name=olist-late-delivery
2026-09-23 11:39:07,218 | WARNING | urllib3.connectionpool | Retrying (Retry(total=2, connect=2, read=5, redirect=5, status=5)) after connection broken by 'NewConnectionError("HTTPConnection(host='localhost', port=5000): Failed to establish a new connection: [WinError 10061] No connection could be made because the target machine actively refused it")': /api/2.0/mlflow/experiments/get-by-name?experiment_name=olist-late-delivery
2026-09-23 11:39:27,370 | WARNING | urllib3.connectionpool | Retrying (Retry(total=1, connect=1, read=5, redirect=5, status=5)) after connection broken by 'NewConnectionError("HTTPConnection(host='localhost', port=5000): Failed to establish a new connection: [WinError 10061] No connection could be made because the target machine actively refused it")': /api/2.0/mlflow/experiments/get-by-name?experiment_name=olist-late-delivery
2026-09-23 11:40:04,060 | WARNING | urllib3.connectionpool | Retrying (Retry(total=0, connect=0, read=5, redirect=5, status=5)) after connection broken by 'NewConnectionError("HTTPConnection(host='localhost', port=5000): Failed to establish a new connection: [WinError 10061] No connection could be made because the target machine actively refused it")': /api/2.0/mlflow/experiments/get-by-name?experiment_name=olist-late-delivery
2026-09-23 12:25:54,233 | INFO | src.app_logger | Application logging initialized.
2026-09-23 12:25:54,233 | INFO | test | This is an INFO message.
2026-09-23 12:25:54,233 | WARNING | test | This is a WARNING message.
2026-09-23 12:25:54,233 | ERROR | test | This is an ERROR message.
2026-09-23 12:26:31,160 | INFO | src.mlflow_tracking | MLflow configured | tracking_uri=http://localhost:5000 | experiment=olist-late-delivery
2026-09-23 12:26:31,175 | INFO | src.mlflow_tracking | Loading model from registry | uri=models:/olist-late-delivery-model@champion
2026-09-23 20:03:06,182 | INFO | src.app_logger | Application logging initialized.
2026-09-23 20:03:06,272 | INFO | test | This is an INFO message.
2026-09-23 20:03:06,272 | WARNING | test | This is a WARNING message.
2026-09-23 20:03:06,287 | ERROR | test | This is an ERROR message.
2026-09-23 20:07:39,428 | WARNING | urllib3.connectionpool | Retrying (Retry(total=4, connect=4, read=5, redirect=5, status=5)) after connection broken by 'NewConnectionError("HTTPConnection(host='localhost', port=5000): Failed to establish a new connection: [WinError 10061] No connection could be made because the target machine actively refused it")': /api/2.0/mlflow/experiments/get-by-name?experiment_name=olist-late-delivery
2026-09-23 20:07:48,037 | WARNING | urllib3.connectionpool | Retrying (Retry(total=3, connect=3, read=5, redirect=5, status=5)) after connection broken by 'NewConnectionError("HTTPConnection(host='localhost', port=5000): Failed to establish a new connection: [WinError 10061] No connection could be made because the target machine actively refused it")': /api/2.0/mlflow/experiments/get-by-name?experiment_name=olist-late-delivery
2026-09-23 20:08:00,501 | WARNING | urllib3.connectionpool | Retrying (Retry(total=2, connect=2, read=5, redirect=5, status=5)) after connection broken by 'NewConnectionError("HTTPConnection(host='localhost', port=5000): Failed to establish a new connection: [WinError 10061] No connection could be made because the target machine actively refused it")': /api/2.0/mlflow/experiments/get-by-name?experiment_name=olist-late-delivery
2026-09-23 20:08:20,984 | WARNING | urllib3.connectionpool | Retrying (Retry(total=1, connect=1, read=5, redirect=5, status=5)) after connection broken by 'NewConnectionError("HTTPConnection(host='localhost', port=5000): Failed to establish a new connection: [WinError 10061] No connection could be made because the target machine actively refused it")': /api/2.0/mlflow/experiments/get-by-name?experiment_name=olist-late-delivery
2026-09-23 20:08:57,353 | WARNING | urllib3.connectionpool | Retrying (Retry(total=0, connect=0, read=5, redirect=5, status=5)) after connection broken by 'NewConnectionError("HTTPConnection(host='localhost', port=5000): Failed to establish a new connection: [WinError 10061] No connection could be made because the target machine actively refused it")': /api/2.0/mlflow/experiments/get-by-name?experiment_name=olist-late-delivery
2026-09-23 20:17:45,565 | INFO | src.app_logger | Application logging initialized.
2026-09-23 20:17:45,566 | INFO | test | This is an INFO message.
2026-09-23 20:17:45,569 | WARNING | test | This is a WARNING message.
2026-09-23 20:17:45,570 | ERROR | test | This is an ERROR message.
2026-09-23 20:22:04,681 | WARNING | urllib3.connectionpool | Retrying (Retry(total=4, connect=4, read=5, redirect=5, status=5)) after connection broken by 'NewConnectionError("HTTPConnection(host='localhost', port=5000): Failed to establish a new connection: [WinError 10061] No connection could be made because the target machine actively refused it")': /api/2.0/mlflow/experiments/get-by-name?experiment_name=olist-late-delivery
2026-09-23 20:22:12,966 | WARNING | urllib3.connectionpool | Retrying (Retry(total=3, connect=3, read=5, redirect=5, status=5)) after connection broken by 'NewConnectionError("HTTPConnection(host='localhost', port=5000): Failed to establish a new connection: [WinError 10061] No connection could be made because the target machine actively refused it")': /api/2.0/mlflow/experiments/get-by-name?experiment_name=olist-late-delivery
2026-09-23 20:22:25,468 | WARNING | urllib3.connectionpool | Retrying (Retry(total=2, connect=2, read=5, redirect=5, status=5)) after connection broken by 'NewConnectionError("HTTPConnection(host='localhost', port=5000): Failed to establish a new connection: [WinError 10061] No connection could be made because the target machine actively refused it")': /api/2.0/mlflow/experiments/get-by-name?experiment_name=olist-late-delivery
2026-09-23 20:22:45,701 | WARNING | urllib3.connectionpool | Retrying (Retry(total=1, connect=1, read=5, redirect=5, status=5)) after connection broken by 'NewConnectionError("HTTPConnection(host='localhost', port=5000): Failed to establish a new connection: [WinError 10061] No connection could be made because the target machine actively refused it")': /api/2.0/mlflow/experiments/get-by-name?experiment_name=olist-late-delivery
2026-09-23 20:23:21,857 | WARNING | urllib3.connectionpool | Retrying (Retry(total=0, connect=0, read=5, redirect=5, status=5)) after connection broken by 'NewConnectionError("HTTPConnection(host='localhost', port=5000): Failed to establish a new connection: [WinError 10061] No connection could be made because the target machine actively refused it")': /api/2.0/mlflow/experiments/get-by-name?experiment_name=olist-late-delivery
2026-09-23 20:40:24,993 | INFO | src.app_logger | Application logging initialized.
2026-09-23 20:40:25,073 | INFO | test | This is an INFO message.
2026-09-23 20:40:25,073 | WARNING | test | This is a WARNING message.
2026-09-23 20:40:25,073 | ERROR | test | This is an ERROR message.
2026-09-23 20:43:49,416 | INFO | src.predict | Prediction request received | model_version=1.0.0 | input={'total_price': 150.0, 'total_items': 2, 'customer_state': 'SP'}
2026-09-23 20:43:49,452 | INFO | src.predict | Prediction completed | model_version=1.0.0 | output={'prediction': 0, 'probability': 0.383781201810405} | latency_ms=36.12
2026-09-23 20:44:19,570 | WARNING | urllib3.connectionpool | Retrying (Retry(total=4, connect=4, read=5, redirect=5, status=5)) after connection broken by 'NewConnectionError("HTTPConnection(host='localhost', port=5000): Failed to establish a new connection: [WinError 10061] No connection could be made because the target machine actively refused it")': /api/2.0/mlflow/experiments/search
2026-09-23 20:44:28,525 | WARNING | urllib3.connectionpool | Retrying (Retry(total=3, connect=3, read=5, redirect=5, status=5)) after connection broken by 'NewConnectionError("HTTPConnection(host='localhost', port=5000): Failed to establish a new connection: [WinError 10061] No connection could be made because the target machine actively refused it")': /api/2.0/mlflow/experiments/search
2026-09-23 20:44:40,769 | WARNING | urllib3.connectionpool | Retrying (Retry(total=2, connect=2, read=5, redirect=5, status=5)) after connection broken by 'NewConnectionError("HTTPConnection(host='localhost', port=5000): Failed to establish a new connection: [WinError 10061] No connection could be made because the target machine actively refused it")': /api/2.0/mlflow/experiments/search
2026-09-23 20:45:01,137 | WARNING | urllib3.connectionpool | Retrying (Retry(total=1, connect=1, read=5, redirect=5, status=5)) after connection broken by 'NewConnectionError("HTTPConnection(host='localhost', port=5000): Failed to establish a new connection: [WinError 10061] No connection could be made because the target machine actively refused it")': /api/2.0/mlflow/experiments/search
2026-09-23 20:45:37,572 | WARNING | urllib3.connectionpool | Retrying (Retry(total=0, connect=0, read=5, redirect=5, status=5)) after connection broken by 'NewConnectionError("HTTPConnection(host='localhost', port=5000): Failed to establish a new connection: [WinError 10061] No connection could be made because the target machine actively refused it")': /api/2.0/mlflow/experiments/search
2026-09-23 20:47:10,998 | INFO | src.predict | Prediction request received | model_version=1.0.0 | input={'total_price': 150.0, 'total_items': 2}
2026-09-23 20:47:11,013 | INFO | src.predict | Prediction completed | model_version=1.0.0 | output={'prediction': 0, 'probability': 0.40943010545631014} | latency_ms=13.60
2026-09-23 20:47:11,051 | INFO | src.predict | Prediction request received | model_version=1.0.0 | input={'total_price': 150.0, 'total_items': 2}
2026-09-23 20:47:11,051 | INFO | src.predict | Prediction completed | model_version=1.0.0 | output={'prediction': 0, 'probability': 0.40943010545631014} | latency_ms=11.01
2026-09-23 22:31:42,097 | INFO | src.app_logger | Application logging initialized.
2026-09-23 22:31:42,322 | INFO | test | This is an INFO message.
2026-09-23 22:31:42,323 | WARNING | test | This is a WARNING message.
2026-09-23 22:31:42,324 | ERROR | test | This is an ERROR message.
2026-09-24 15:31:33,909 | INFO | src.app_logger | Application logging initialized.
2026-09-24 15:31:33,925 | INFO | test | This is an INFO message.
2026-09-24 15:31:33,925 | WARNING | test | This is a WARNING message.
2026-09-24 15:31:33,925 | ERROR | test | This is an ERROR message.
2026-09-24 15:33:09,246 | WARNING | urllib3.connectionpool | Retrying (Retry(total=6, connect=6, read=7, redirect=7, status=7)) after connection broken by 'NewConnectionError("HTTPConnection(host='localhost', port=5000): Failed to establish a new connection: [WinError 10061] No connection could be made because the target machine actively refused it")': /api/2.0/mlflow/experiments/search
2026-09-24 15:33:17,895 | WARNING | urllib3.connectionpool | Retrying (Retry(total=5, connect=5, read=7, redirect=7, status=7)) after connection broken by 'NewConnectionError("HTTPConnection(host='localhost', port=5000): Failed to establish a new connection: [WinError 10061] No connection could be made because the target machine actively refused it")': /api/2.0/mlflow/experiments/search
2026-09-24 15:33:30,895 | WARNING | urllib3.connectionpool | Retrying (Retry(total=4, connect=4, read=7, redirect=7, status=7)) after connection broken by 'NewConnectionError("HTTPConnection(host='localhost', port=5000): Failed to establish a new connection: [WinError 10061] No connection could be made because the target machine actively refused it")': /api/2.0/mlflow/experiments/search
2026-09-24 15:33:51,030 | WARNING | urllib3.connectionpool | Retrying (Retry(total=3, connect=3, read=7, redirect=7, status=7)) after connection broken by 'NewConnectionError("HTTPConnection(host='localhost', port=5000): Failed to establish a new connection: [WinError 10061] No connection could be made because the target machine actively refused it")': /api/2.0/mlflow/experiments/search
2026-09-24 15:34:27,285 | WARNING | urllib3.connectionpool | Retrying (Retry(total=2, connect=2, read=7, redirect=7, status=7)) after connection broken by 'NewConnectionError("HTTPConnection(host='localhost', port=5000): Failed to establish a new connection: [WinError 10061] No connection could be made because the target machine actively refused it")': /api/2.0/mlflow/experiments/search
2026-09-24 15:35:35,972 | WARNING | urllib3.connectionpool | Retrying (Retry(total=1, connect=1, read=7, redirect=7, status=7)) after connection broken by 'NewConnectionError("HTTPConnection(host='localhost', port=5000): Failed to establish a new connection: [WinError 10061] No connection could be made because the target machine actively refused it")': /api/2.0/mlflow/experiments/search
2026-09-24 15:37:40,065 | WARNING | urllib3.connectionpool | Retrying (Retry(total=0, connect=0, read=7, redirect=7, status=7)) after connection broken by 'NewConnectionError("HTTPConnection(host='localhost', port=5000): Failed to establish a new connection: [WinError 10061] No connection could be made because the target machine actively refused it")': /api/2.0/mlflow/experiments/search
